     1                                  bits 32 ; assembling for the 32 bits architecture
     2                                  
     3                                  ; declare the EntryPoint (a label defining the very first instruction of the program)
     4                                  global start        
     5                                  
     6                                  ; declare external functions needed by our program
     7                                  extern exit               ; tell nasm that exit exists even if we won't be defining it
     8                                  import exit msvcrt.dll    ; exit is a function that ends the calling process. It is defined in msvcrt.dll
     9                                                            ; msvcrt.dll contains exit, printf and all the other important C-runtime specific functions
    10                                  
    11                                  ; our data is declared here (the variables needed by our program)
    12                                  segment data use32 class=data
    13                                      ; ...
    14 00000000 77                          a db 01110111b
    15 00000001 00                          n db 0
    16 00000002 00                          b db 0
    17 00000003 00000000                    c dd 0
    18                                  ; our code starts here
    19                                  segment code use32 class=code
    20                                      start:
    21                                          ; ...
    22                                          ;Se da octetul A. Sa se obtina numarul intreg n reprezentat de bitii 2-4 ai lui A. Sa se obtina apoi in B octetul rezultat prin rotirea spre ;dreapta a lui A cu n pozitii. Sa se obtina dublucuvantul C:
    23                                          ;bitii 8-15 ai lui C sunt 0
    24                                          ;bitii 16-23 ai lui C coincid cu bitii lui B
    25                                          ;bitii 24-31 ai lui C coincid cu bitii lui A
    26                                          ;bitii 0-7 ai lui C sunt 1
    27                                          
    28                                          
    29 00000000 B300                            mov bl,0
    30 00000002 A0[00000000]                    mov al,[a]
    31 00000007 241C                            and al,00011100b
    32 00000009 B102                            mov cl,2
    33 0000000B D2C8                            ror al,cl
    34 0000000D 08C3                            or bl,al
    35 0000000F 6698                            cbw
    36 00000011 881D[01000000]                  mov [n],bl
    37                                          ; exit(0)
    38 00000017 6A00                            push    dword 0      ; push the parameter for exit onto the stack
    39 00000019 FF15[00000000]                  call    [exit]       ; call exit to terminate the program
